src/components/ChatInterface.tsx(117,13): error TS2304: Cannot find name 'setDoc'.
